../Core/Src/main.c:75:6:init	8	static
../Core/Src/main.c:87:6:HAL_GPIO_EXTI_Callback	24	static
../Core/Src/main.c:94:6:_1ms_utilization_trace	24	static
../Core/Src/main.c:105:5:main	88	static
../Core/Src/main.c:193:6:SystemClock_Config	96	static
../Core/Src/main.c:238:13:MX_LPUART1_UART_Init	8	static
../Core/Src/main.c:286:13:MX_USART3_UART_Init	8	static
../Core/Src/main.c:334:13:MX_SPI1_Init	8	static
../Core/Src/main.c:369:13:MX_SPI1_Init_But_LSB	8	static
../Core/Src/main.c:409:13:MX_GPIO_Init	64	static
../Core/Src/main.c:688:1:__io_putchar	16	static
../Core/Src/main.c:700:6:Error_Handler	4	static,ignoring_inline_asm
